[thesis2013.tothong.com/index.html]
[backblue.gif]
[fade.gif]
[index.html]
[thesis2013.tothong.com/wp-content/themes/More/assets/ico/favicon.png]
[thesis2013.tothong.com/wp-content/themes/More/assets/ico/apple-touch-icon-144-precomposed.png]
[thesis2013.tothong.com/wp-content/themes/More/style.css]
[thesis2013.tothong.com/wp-content/themes/More/assets/ico/apple-touch-icon-114-precomposed.png]
[thesis2013.tothong.com/wp-content/themes/More/assets/ico/apple-touch-icon-72-precomposed.png]
[thesis2013.tothong.com/wp-content/themes/More/assets/ico/apple-touch-icon-57-precomposed.png]
[thesis2013.tothong.com/wp-content/themes/More/assets/css/bootstrapc1f9.css]
[thesis2013.tothong.com/wp-content/themes/More/assets/css/bootstrap-responsivec1f9.css]
[thesis2013.tothong.com/feed/index.html]
[thesis2013.tothong.com/wp-content/themes/More/assets/css/mainc1f9.css]
[thesis2013.tothong.com/wp-content/themes/More/assets/js/google-code-prettify/prettifyc1f9.css]
[thesis2013.tothong.com/wp-content/themes/More/assets/nivo/nivo-sliderc1f9.css]
[thesis2013.tothong.com/wp-content/themes/More/assets/css/prettyPhotoc1f9.css]
[thesis2013.tothong.com/wp-content/plugins/jetpack/css/jetpackf3c8.css]
[thesis2013.tothong.com/wp-content/themes/More/widgets/js/jquery.tweetc1f9.js]
[thesis2013.tothong.com/wp-content/themes/More/assets/js/google-code-prettify/prettifyc1f9.js]
[thesis2013.tothong.com/wp-content/themes/More/assets/js/applicationc1f9.js]
[thesis2013.tothong.com/wp-content/themes/More/assets/js/jquery-1.7.1.minc1f9.js]
[thesis2013.tothong.com/wp-content/themes/More/assets/js/bootstrap.minc1f9.js]
[thesis2013.tothong.com/wp-content/themes/More/assets/js/jquery.easing.1.3c1f9.js]
[thesis2013.tothong.com/wp-content/themes/More/assets/js/superfish-menu/superfishc1f9.js]
[thesis2013.tothong.com/wp-content/themes/More/assets/js/jquery.nivo.slider.packc1f9.js]
[thesis2013.tothong.com/wp-content/themes/More/assets/js/jquery.prettyPhotoc1f9.js]
[thesis2013.tothong.com/wp-content/themes/More/assets/js/slides.min.jqueryc1f9.js]
[thesis2013.tothong.com/wp-content/themes/More/assets/js/jquery.isotope.minc1f9.js]
[thesis2013.tothong.com/wp-content/themes/More/assets/js/testimonialrotatorc1f9.js]
[thesis2013.tothong.com/wp-content/themes/More/assets/js/jquery.waitforimagesc1f9.js]
[thesis2013.tothong.com/wp-content/themes/More/assets/js/jquery.preloaderc1f9.js]
[thesis2013.tothong.com/wp-json/index.html]
[thesis2013.tothong.com/xmlrpc0db0.php]
[thesis2013.tothong.com/wp-includes/wlwmanifest.xml]
[thesis2013.tothong.com/wp-content/themes/More/styles/blue.css]
[thesis2013.tothong.com/wp-content/themes/More/admin/images/favicon.ico]
[thesis2013.tothong.com/wp-content/plugins/vipers-video-quicktags/resources/expressinstall.swf]
[thesis2013.tothong.com/wp-content/uploads/2013/04/logo.png]
[thesis2013.tothong.com/wp-content/uploads/2013/04/rgbbanner-e1365411042956.jpg]
[thesis2013.tothong.com/wp-content/uploads/2013/04/Screen-Shot-2013-04-08-at-4.29.03-AM1-460x460.png]
[thesis2013.tothong.com/blog/index.html]
[thesis2013.tothong.com/about/index.html]
[thesis2013.tothong.com/wp-content/uploads/2013/04/Screen-Shot-2013-04-08-at-4.29.03-AM1.png]
[thesis2013.tothong.com/wp-content/uploads/2013/04/Screen-Shot-2013-04-08-at-4.15.11-AM-460x460.png]
[thesis2013.tothong.com/portfolio/bike-game-prototype/index.html]
[thesis2013.tothong.com/wp-content/uploads/2013/04/Screen-Shot-2013-04-08-at-4.15.11-AM-e1365409168572.png]
[thesis2013.tothong.com/wp-content/uploads/2013/04/Screen-Shot-2013-04-08-at-4.14.11-AM-460x460.png]
[thesis2013.tothong.com/portfolio/participatory-sonic-2/index.html]
[thesis2013.tothong.com/wp-content/uploads/2013/04/Screen-Shot-2013-04-08-at-4.14.11-AM-e1365409113977.png]
[thesis2013.tothong.com/wp-content/uploads/2013/04/Alices_Adventures_Under_Ground_-_Lewis_Carroll_-_British_Library_Add_MS_46700_f45v-e1365407833116.jpg]
[thesis2013.tothong.com/wp-content/uploads/2013/04/Screen-Shot-2013-03-13-at-9.28.47-PM-740x702.png]
[thesis2013.tothong.com/portfolio/participatory-sonic-1/index.html]
[thesis2013.tothong.com/wp-content/uploads/2013/04/Screen-Shot-2013-03-13-at-9.28.47-PM.png]
[thesis2013.tothong.com/category/documentation/index.html]
[thesis2013.tothong.com/midterm-feedback/index.html]
[thesis2013.tothong.com/wp-content/uploads/2013/04/stagedesign-740x1822.jpg]
[thesis2013.tothong.com/wp-content/uploads/2013/02/Screen-Shot-2013-04-08-at-3.38.21-AM-740x418.png]
[thesis2013.tothong.com/project-naming-art-direction-ui-flowchart/index.html]
[thesis2013.tothong.com/wp-content/uploads/2013/02/Screen-Shot-2013-04-08-at-3.38.21-AM.png]
[thesis2013.tothong.com/wp-content/themes/More/assets/js/custom.js]
[thesis2013.tothong.com/paper-prototype/index.html]
[s0.wp.com/wp-content/js/devicepx-jetpack3467.js]
[s.gravatar.com/js/gprofiles1554.js]
[thesis2013.tothong.com/wp-content/plugins/jetpack/modules/wpgrohoc1f9.js]
[thesis2013.tothong.com/wp-includes/js/wp-embed.minc1f9.js]
[thesis2013.tothong.com/index.html]
[stats.wp.com/e-201627.js]
[thesis2013.tothong.com/wp-content/themes/More/style.css]
[thesis2013.tothong.com/xmlrpc.php]
[thesis2013.tothong.com/wp-content/themes/More/assets/img/glyphicons-halflings.png]
[thesis2013.tothong.com/comments/feed/index.html]
[thesis2013.tothong.com/wp-content/themes/More/assets/img/glyphicons-halflings-white.png]
[thesis2013.tothong.com/wp-content/themes/More/assets/css/bootstrapc1f9.css]
[thesis2013.tothong.com/wp-content/themes/More/assets/css/bootstrap-responsivec1f9.css]
[thesis2013.tothong.com/wp-content/themes/More/assets/img/bg_lines.png]
[thesis2013.tothong.com/wp-content/themes/More/assets/img/icons_twitter.png]
[thesis2013.tothong.com/wp-content/themes/More/assets/img/icons_facebook.png]
[thesis2013.tothong.com/wp-content/themes/More/assets/img/icons_dribbble.png]
[thesis2013.tothong.com/wp-content/themes/More/assets/img/icons_google.png]
[thesis2013.tothong.com/wp-content/themes/More/assets/img/icons_youtube.png]
[thesis2013.tothong.com/wp-content/themes/More/assets/img/icons_flickr.png]
[thesis2013.tothong.com/wp-content/themes/More/assets/img/icons_pinterest.png]
[thesis2013.tothong.com/wp-content/themes/More/assets/img/icons_linkedin.png]
[thesis2013.tothong.com/wp-content/themes/More/assets/img/icons_skype.png]
[thesis2013.tothong.com/wp-content/themes/More/assets/img/icons_picasa.png]
[thesis2013.tothong.com/wp-content/themes/More/assets/img/icons_forrst.png]
[thesis2013.tothong.com/wp-content/themes/More/assets/img/icons_lastfm.png]
[thesis2013.tothong.com/wp-content/themes/More/assets/img/icons_vimeo.png]
[thesis2013.tothong.com/wp-content/themes/More/assets/img/icons_rss.png]
[thesis2013.tothong.com/wp-content/themes/More/assets/img/patterns/sep.png]
[thesis2013.tothong.com/wp-content/themes/More/assets/img/spinner-slider.gif]
[thesis2013.tothong.com/wp-content/themes/More/assets/img/spinner.gif]
[thesis2013.tothong.com/wp-content/themes/More/assets/img/zoom.png]
[thesis2013.tothong.com/wp-content/themes/More/assets/img/link.png]
[thesis2013.tothong.com/wp-content/themes/More/assets/img/patterns/port-sep.png]
[thesis2013.tothong.com/wp-content/themes/More/assets/img/texture-dark.jpg]
[thesis2013.tothong.com/wp-content/themes/More/assets/img/patterns/sep_w.png]
[thesis2013.tothong.com/wp-content/themes/More/assets/img/patterns/sep-half.png]
[thesis2013.tothong.com/wp-content/themes/More/assets/img/tw.png]
[thesis2013.tothong.com/wp-content/themes/More/assets/img/bl.png]
[thesis2013.tothong.com/wp-content/themes/More/assets/img/arr-left-min.png]
[thesis2013.tothong.com/wp-content/themes/More/assets/img/arr-right-min.png]
[thesis2013.tothong.com/wp-content/themes/More/assets/img/arr-right-min-hover.png]
[thesis2013.tothong.com/wp-content/themes/More/assets/img/arr-left-min-hover.png]
[thesis2013.tothong.com/wp-content/themes/More/assets/img/sort.png]
[thesis2013.tothong.com/wp-content/themes/More/assets/css/mainc1f9.css]
[thesis2013.tothong.com/wp-content/themes/More/assets/js/google-code-prettify/prettifyc1f9.css]
[thesis2013.tothong.com/wp-content/themes/More/assets/img/arr-left.png]
[thesis2013.tothong.com/wp-content/themes/More/assets/img/arr-right.png]
[thesis2013.tothong.com/wp-content/themes/More/assets/img/arr-right-hover.png]
[thesis2013.tothong.com/wp-content/themes/More/assets/img/arr-left-hover.png]
[thesis2013.tothong.com/wp-content/themes/More/assets/nivo/nivo-sliderc1f9.css]
[thesis2013.tothong.com/wp-content/themes/More/assets/images/prettyPhoto/default/sprite.png]
[thesis2013.tothong.com/wp-content/themes/More/assets/images/prettyPhoto/default/sprite_x.png]
[thesis2013.tothong.com/wp-content/themes/More/assets/images/prettyPhoto/default/sprite_y.png]
[thesis2013.tothong.com/wp-content/themes/More/assets/images/prettyPhoto/default/sprite_next.png]
[thesis2013.tothong.com/wp-content/themes/More/assets/images/prettyPhoto/default/sprite_prev.png]
[thesis2013.tothong.com/wp-content/themes/More/assets/images/prettyPhoto/default/default_thumb.png]
[thesis2013.tothong.com/wp-content/themes/More/assets/images/prettyPhoto/default/loader.gif]
[thesis2013.tothong.com/wp-content/themes/More/assets/images/prettyPhoto/light_rounded/sprite.png]
[thesis2013.tothong.com/wp-content/themes/More/assets/images/prettyPhoto/light_rounded/btnNext.png]
[thesis2013.tothong.com/wp-content/themes/More/assets/images/prettyPhoto/light_rounded/btnPrevious.png]
[thesis2013.tothong.com/wp-content/themes/More/assets/images/prettyPhoto/dark_rounded/sprite.png]
[thesis2013.tothong.com/wp-content/themes/More/assets/images/prettyPhoto/dark_rounded/contentPattern.png]
[thesis2013.tothong.com/wp-content/themes/More/assets/images/prettyPhoto/dark_rounded/btnNext.png]
[thesis2013.tothong.com/wp-content/themes/More/assets/images/prettyPhoto/dark_rounded/btnPrevious.png]
[thesis2013.tothong.com/wp-content/themes/More/assets/images/prettyPhoto/dark_rounded/loader.gif]
[thesis2013.tothong.com/wp-content/themes/More/assets/images/prettyPhoto/dark_square/loader.gif]
[thesis2013.tothong.com/wp-content/themes/More/assets/images/prettyPhoto/dark_square/sprite.png]
[thesis2013.tothong.com/wp-content/themes/More/assets/images/prettyPhoto/dark_square/btnNext.png]
[thesis2013.tothong.com/wp-content/themes/More/assets/images/prettyPhoto/dark_square/btnPrevious.png]
[thesis2013.tothong.com/wp-content/themes/More/assets/images/prettyPhoto/light_square/sprite.png]
[thesis2013.tothong.com/wp-content/themes/More/assets/images/prettyPhoto/light_square/btnPrevious.png]
[thesis2013.tothong.com/wp-content/themes/More/assets/images/prettyPhoto/facebook/sprite.png]
[thesis2013.tothong.com/wp-content/themes/More/assets/images/prettyPhoto/facebook/contentPatternTop.png]
[thesis2013.tothong.com/wp-content/themes/More/assets/images/prettyPhoto/facebook/contentPatternLeft.png]
[thesis2013.tothong.com/wp-content/themes/More/assets/images/prettyPhoto/facebook/contentPatternRight.png]
[thesis2013.tothong.com/wp-content/themes/More/assets/images/prettyPhoto/facebook/loader.gif]
[thesis2013.tothong.com/wp-content/themes/More/assets/images/prettyPhoto/facebook/btnNext.png]
[thesis2013.tothong.com/wp-content/themes/More/assets/images/prettyPhoto/facebook/btnPrevious.png]
[thesis2013.tothong.com/wp-content/themes/More/assets/images/prettyPhoto/facebook/contentPatternBottom.png]
[thesis2013.tothong.com/wp-content/themes/More/assets/images/prettyPhoto/facebook/default_thumbnail.gif]
[thesis2013.tothong.com/wp-content/themes/More/assets/images/prettyPhoto/light_rounded/loader.gif]
[thesis2013.tothong.com/wp-content/themes/More/assets/css/prettyPhotoc1f9.css]
[thesis2013.tothong.com/wp-content/plugins/jetpack/modules/carousel/images/arrows.png]
[thesis2013.tothong.com/wp-content/plugins/jetpack/modules/carousel/images/arrows-2x.png]
[thesis2013.tothong.com/wp-content/plugins/jetpack/modules/carousel/images/carousel-spritee4da.png]
[thesis2013.tothong.com/wp-content/plugins/jetpack/modules/carousel/images/carousel-sprite-2xe4da.png]
[thesis2013.tothong.com/wp-content/plugins/jetpack/modules/shortcodes/img/slideshow-controls.png]
[thesis2013.tothong.com/wp-content/plugins/jetpack/modules/shortcodes/img/slideshow-controls-2x.png]
[thesis2013.tothong.com/wp-content/plugins/jetpack/modules/shortcodes/images/slide-nav.png]
[thesis2013.tothong.com/wp-content/plugins/jetpack/modules/shortcodes/images/expand.png]
[thesis2013.tothong.com/wp-content/plugins/jetpack/modules/shortcodes/images/collapse.png]
[0.gravatar.com/images/grav-share-sprite.png]
[thesis2013.tothong.com/wp-content/plugins/jetpack/css/jetpackf3c8.css]
[thesis2013.tothong.com/wp-content/themes/More/styles/blue.css]
[thesis2013.tothong.com/wp-content/themes/More/admin/images/favicon.html]
[thesis2013.tothong.com/wp-content/uploads/2013/04/Alices_Adventures_Under_Ground_-_Lewis_Carroll_-_British_Library_Add_MS_46700_f45v-479x300.jpg]
[thesis2013.tothong.com/wp-content/uploads/2013/04/Screen-Shot-2013-03-13-at-9.28.47-PM-770x300.png]
[thesis2013.tothong.com/wp-content/uploads/2013/04/stagedesign-770x300.jpg]
[thesis2013.tothong.com/wp-content/uploads/2013/02/Screen-Shot-2013-04-08-at-3.38.21-AM-770x300.png]
[thesis2013.tothong.com/wp-content/uploads/2013/04/level1-770x300.jpg]
[thesis2013.tothong.com/wp-content/uploads/2013/04/level1-e1365404362481.jpg]
[thesis2013.tothong.com/wp-content/uploads/2013/02/watergun2-768x300.jpg]
[thesis2013.tothong.com/wp-content/uploads/2013/02/watergun2.jpg]
[thesis2013.tothong.com/wp-content/uploads/2013/02/4-e1365375188323.jpg]
[thesis2013.tothong.com/wp-content/uploads/2013/01/405378_10151369756213868_220940541_n-770x300.jpg]
[thesis2013.tothong.com/schedule-planning/index.html]
[thesis2013.tothong.com/wp-content/uploads/2013/01/405378_10151369756213868_220940541_n-e1365403129485.jpg]
[thesis2013.tothong.com/wp-content/uploads/2013/04/banner-770x300.jpg]
[thesis2013.tothong.com/sai-yai/index.html]
[thesis2013.tothong.com/wp-content/uploads/2013/04/banner-e1365401111719.jpg]
[thesis2013.tothong.com/wp-content/uploads/2012/12/domain_sm.jpg]
[thesis2013.tothong.com/wp-content/uploads/2013/04/Screen-Shot-2013-03-13-at-9.28.47-PM-70x52.png]
[thesis2013.tothong.com/blog/page/2/index.html]
[thesis2013.tothong.com/wp-content/uploads/2013/04/stagedesign-70x52.jpg]
[thesis2013.tothong.com/fall-final-presentation/index.html]
[thesis2013.tothong.com/wp-content/uploads/2013/02/Screen-Shot-2013-04-08-at-3.38.21-AM-70x52.png]
[thesis2013.tothong.com/category/introduction/index.html]
[thesis2013.tothong.com/wp-content/uploads/2013/04/level1-70x52.jpg]
[thesis2013.tothong.com/blog/index.html]
[thesis2013.tothong.com/category/reference/index.html]
[thesis2013.tothong.com/welcome/index.html]
[thesis2013.tothong.com/2013/04/index.html]
[thesis2013.tothong.com/2013/03/index.html]
[thesis2013.tothong.com/wp-json/oembed/1.0/embedcde4.json]
[thesis2013.tothong.com/2013/02/index.html]
[thesis2013.tothong.com/2013/01/index.html]
[thesis2013.tothong.com/2012/12/index.html]
[thesis2013.tothong.com/about/index.html]
[thesis2013.tothong.com/wp-json/oembed/1.0/embed9ee0]
[thesis2013.tothong.com/2012/11/index.html]
[thesis2013.tothong.com/tag/boardgame/index.html]
[thesis2013.tothong.com/tag/c/index.html]
[thesis2013.tothong.com/tag/digital/index.html]
[thesis2013.tothong.com/tag/draft/index.html]
[thesis2013.tothong.com/tag/inspiration/index.html]
[thesis2013.tothong.com/wp-json/oembed/1.0/embed15a6.json]
[thesis2013.tothong.com/tag/lesson/index.html]
[thesis2013.tothong.com/tag/level/index.html]
[thesis2013.tothong.com/tag/narrative/index.html]
[thesis2013.tothong.com/wp-json/oembed/1.0/embede6bf]
[thesis2013.tothong.com/tag/paper/index.html]
[thesis2013.tothong.com/tag/planning/index.html]
[thesis2013.tothong.com/tag/playtech/index.html]
[thesis2013.tothong.com/portfolio/bike-game-prototype/index.html]
[thesis2013.tothong.com/wp-includes/js/comment-reply.minc1f9.js]
[thesis2013.tothong.com/tag/playtest/index.html]
[thesis2013.tothong.com/tag/prototype/index.html]
[thesis2013.tothong.com/tag/sketches/index.html]
[thesis2013.tothong.com/tag/story/index.html]
[thesis2013.tothong.com/tag/struggle/index.html]
[thesis2013.tothong.com/tag/storyboard/index.html]
[thesis2013.tothong.com/wp-json/oembed/1.0/embede007.json]
[thesis2013.tothong.com/tag/welcome/index.html]
[thesis2013.tothong.com/portfolio/participatory-sonic-2/index.html]
[thesis2013.tothong.com/wp-json/oembed/1.0/embed66ca]
[thesis2013.tothong.com/wp-json/oembed/1.0/embed71b7.json]
[thesis2013.tothong.com/portfolio/participatory-sonic-1/index.html]
[thesis2013.tothong.com/wp-json/oembed/1.0/embed6084]
[thesis2013.tothong.com/wp-content/themes/More/assets/img/more.png]
[thesis2013.tothong.com/category/documentation/feed/index.html]
[thesis2013.tothong.com/wp-content/uploads/2013/02/4-540x2448.jpg]
[thesis2013.tothong.com/wp-content/uploads/2012/12/Screen-Shot-2013-04-08-at-4.25.19-AM.png]
[thesis2013.tothong.com/category/documentation/index.html]
[thesis2013.tothong.com/game-arts/index.html]
[thesis2013.tothong.com/category/documentation/page/2/index.html]
[thesis2013.tothong.com/wp-json/oembed/1.0/embed8648.json]
[thesis2013.tothong.com/midterm-feedback/index.html]
[thesis2013.tothong.com/wp-json/oembed/1.0/embedd2cd]
[thesis2013.tothong.com/wp-json/oembed/1.0/embedbe9b.json]
[thesis2013.tothong.com/wp-json/oembed/1.0/embed4b43]
[thesis2013.tothong.com/wp-content/uploads/2013/04/Screen-Shot-2013-03-13-at-9.28.47-PM-1024x261.png]
[thesis2013.tothong.com/wp-content/uploads/2013/04/Screen-Shot-2013-03-13-at-9.37.19-PM.png]
[thesis2013.tothong.com/wp-content/uploads/2013/04/Screen-Shot-2013-03-13-at-9.37.19-PM-1024x177.png]
[thesis2013.tothong.com/project-naming-art-direction-ui-flowchart/index.html]
[thesis2013.tothong.com/level-and-narrative/index.html]
[thesis2013.tothong.com/wp-json/oembed/1.0/embed2b3d.json]
[thesis2013.tothong.com/wp-json/oembed/1.0/embed90c2]
[thesis2013.tothong.com/wp-content/uploads/2013/04/Screen-Shot-2013-04-08-at-3.34.57-AM.png]
[thesis2013.tothong.com/wp-content/uploads/2013/04/Screen-Shot-2013-04-08-at-3.34.57-AM-1024x673.png]
[thesis2013.tothong.com/wp-content/uploads/2013/02/Screen-Shot-2013-04-08-at-3.36.52-AM.png]
[thesis2013.tothong.com/wp-content/uploads/2013/02/Screen-Shot-2013-04-08-at-3.39.36-AM-1024x678.png]
[thesis2013.tothong.com/wp-content/uploads/2013/02/passage.png]
[thesis2013.tothong.com/paper-prototype/index.html]
[s0.wp.com/wp-content/js/devicepx-jetpack3467.js]
[pixel.wp.com/g9818.gif]
[s.gravatar.com/js/gprofiles1554.js]
[thesis2013.tothong.com/ABCDEFGHIJKLMNOPQRSTUVWXYZabcdefghijklmnopqrstuvwxyz0123456789+/index.html]
[thesis2013.tothong.com/g.gif]
[thesis2013.tothong.com/c.gif]
[stats.wp.com/e-201627.js]
[thesis2013.tothong.com/wp-content/themes/More/assets/img/bl.html]
[thesis2013.tothong.com/wp-content/themes/More/assets/images/prettyPhoto/light_square/btnNext.png]
[thesis2013.tothong.com/storyboard/index.html]
[thesis2013.tothong.com/wp-json/oembed/1.0/embed0615.json]
[thesis2013.tothong.com/wp-json/oembed/1.0/embed75f4]
[thesis2013.tothong.com/wp-content/uploads/2013/04/Screen-Shot-2013-03-13-at-4.29.06-PM.png]
[thesis2013.tothong.com/wp-content/uploads/2013/04/Screen-Shot-2013-03-13-at-4.29.06-PM-1024x734.png]
[thesis2013.tothong.com/wp-content/uploads/2013/02/Screen-Shot-2013-04-08-at-2.49.44-AM.png]
[thesis2013.tothong.com/wp-content/uploads/2013/02/Screen-Shot-2013-04-08-at-2.49.44-AM-1024x214.png]
[thesis2013.tothong.com/schedule-planning/index.html]
[thesis2013.tothong.com/start-off-second-semester-paper-prototype-time/index.html]
[thesis2013.tothong.com/wp-json/oembed/1.0/embedca5b.json]
[thesis2013.tothong.com/wp-json/oembed/1.0/embedf6d5]
[thesis2013.tothong.com/sai-yai/index.html]
[thesis2013.tothong.com/category/inspiration/index.html]
[thesis2013.tothong.com/playtech-fall-2012/index.html]
[thesis2013.tothong.com/wp-json/oembed/1.0/embed4d1d.json]
[thesis2013.tothong.com/inspirationss/index.html]
[thesis2013.tothong.com/wp-json/oembed/1.0/embed38f5]
[thesis2013.tothong.com/wp-content/uploads/2012/12/fallprototypescreenshot.jpg]
[img.youtube.com/vi/oQDFICIRKT0/0.jpg]
[img.youtube.com/vi/kcqtm391YK8/0.jpg]
[thesis2013.tothong.com/wp-content/plugins/jetpack/modules/shortcodes/js/jquery.cycle7c48.js]
[thesis2013.tothong.com/wp-content/plugins/jetpack/modules/shortcodes/js/slideshow-shortcode8d64.js]
[thesis2013.tothong.com/fall-final-presentation/index.html]
[thesis2013.tothong.com/wp-content/uploads/2012/12/Screen-Shot-2013-04-08-at-4.25.19-AM-770x288.png]
[thesis2013.tothong.com/blog/page/2/index.html]
[thesis2013.tothong.com/wp-includes/js/swfobjecteb77.js]
[thesis2013.tothong.com/category/introduction/index.html]
[thesis2013.tothong.com/presentation-practice-and-new-resources/index.html]
[thesis2013.tothong.com/back-to-the-core/index.html]
[thesis2013.tothong.com/category/reference/index.html]
[thesis2013.tothong.com/journal-november-28-iterate-iterate-iterate/index.html]
[thesis2013.tothong.com/storybrainstorm/index.html]
[thesis2013.tothong.com/storyboard-draft-1/index.html]
[thesis2013.tothong.com/category/introduction/feed/index.html]
[thesis2013.tothong.com/category/reference/feed/index.html]
[thesis2013.tothong.com/wp-json/oembed/1.0/embed2415.json]
[thesis2013.tothong.com/welcome/index.html]
[thesis2013.tothong.com/2013/04/index.html]
[thesis2013.tothong.com/2013/03/index.html]
[thesis2013.tothong.com/2013/02/index.html]
[thesis2013.tothong.com/2013/01/index.html]
[thesis2013.tothong.com/2012/12/index.html]
[thesis2013.tothong.com/2012/11/index.html]
[thesis2013.tothong.com/tag/boardgame/index.html]
[thesis2013.tothong.com/tag/c/index.html]
[thesis2013.tothong.com/tag/digital/index.html]
[thesis2013.tothong.com/wp-json/oembed/1.0/embed32b9]
[thesis2013.tothong.com/tag/draft/index.html]
[thesis2013.tothong.com/tag/digital/feed/index.html]
[thesis2013.tothong.com/tag/c/feed/index.html]
[thesis2013.tothong.com/tag/boardgame/feed/index.html]
[thesis2013.tothong.com/tag/inspiration/index.html]
[thesis2013.tothong.com/tag/lesson/index.html]
[thesis2013.tothong.com/tag/level/index.html]
[thesis2013.tothong.com/tag/draft/feed/index.html]
[thesis2013.tothong.com/tag/inspiration/feed/index.html]
[thesis2013.tothong.com/tag/lesson/feed/index.html]
[thesis2013.tothong.com/tag/level/feed/index.html]
[thesis2013.tothong.com/tag/narrative/index.html]
[thesis2013.tothong.com/tag/paper/index.html]
[thesis2013.tothong.com/tag/planning/index.html]
[thesis2013.tothong.com/tag/narrative/feed/index.html]
[thesis2013.tothong.com/tag/playtech/index.html]
[thesis2013.tothong.com/tag/playtest/index.html]
[thesis2013.tothong.com/tag/planning/feed/index.html]
[thesis2013.tothong.com/tag/paper/feed/index.html]
[thesis2013.tothong.com/tag/playtech/feed/index.html]
[thesis2013.tothong.com/tag/prototype/index.html]
[thesis2013.tothong.com/tag/playtest/feed/index.html]
[thesis2013.tothong.com/tag/sketches/index.html]
[thesis2013.tothong.com/tag/story/index.html]
[thesis2013.tothong.com/tag/storyboard/index.html]
[thesis2013.tothong.com/tag/prototype/feed/index.html]
[thesis2013.tothong.com/tag/sketches/feed/index.html]
[thesis2013.tothong.com/tag/storyboard/feed/index.html]
[thesis2013.tothong.com/tag/story/feed/index.html]
[thesis2013.tothong.com/tag/struggle/index.html]
[thesis2013.tothong.com/tag/welcome/index.html]
[thesis2013.tothong.com/tag/welcome/feed/index.html]
[thesis2013.tothong.com/tag/struggle/feed/index.html]
[thesis2013.tothong.com/wp-json/oembed/1.0/embed15d8.json]
[thesis2013.tothong.com/wp-json/oembed/1.0/embed7b23]
[thesis2013.tothong.com/wp-content/uploads/2012/12/Screen-Shot-2012-12-04-at-11.29.37-PM.png]
[thesis2013.tothong.com/wp-content/uploads/2012/12/Screen-Shot-2012-12-04-at-11.29.37-PM-1024x893.png]
[thesis2013.tothong.com/wp-content/uploads/2012/12/Screen-Shot-2012-12-04-at-11.30.28-PM.png]
[thesis2013.tothong.com/wp-content/uploads/2012/12/Screen-Shot-2012-12-04-at-11.30.28-PM-1024x692.png]
[thesis2013.tothong.com/wp-content/uploads/2012/12/Screen-Shot-2012-12-04-at-11.30.57-PM.png]
[thesis2013.tothong.com/game-arts/index.html]
[thesis2013.tothong.com/category/documentation/page/2/index.html]
[thesis2013.tothong.com/wp-content/uploads/2013/04/stagedesign.jpg]
[thesis2013.tothong.com/wp-json/oembed/1.0/embed9820.json]
[thesis2013.tothong.com/wp-content/uploads/2013/04/stagedesign2.jpg]
[thesis2013.tothong.com/wp-json/oembed/1.0/embeda87f]
[thesis2013.tothong.com/level-and-narrative/index.html]
[thesis2013.tothong.com/wp-content/uploads/2013/02/Screen-Shot-2013-04-08-at-3.39.36-AM.png]
[thesis2013.tothong.com/ABCDEFGHIJKLMNOPQRSTUVWXYZabcdefghijklmnopqrstuvwxyz0123456789+/index.html]
[thesis2013.tothong.com/g.html]
[thesis2013.tothong.com/c.html]
[thesis2013.tothong.com/wp-json/oembed/1.0/embedd780]
[thesis2013.tothong.com/wp-content/uploads/2013/04/supermariobrosbeginning.png]
[thesis2013.tothong.com/wp-content/uploads/2013/04/MMX11.png]
[thesis2013.tothong.com/storyboard/index.html]
[thesis2013.tothong.com/wp-json/oembed/1.0/embed9e76.json]
[thesis2013.tothong.com/wp-json/oembed/1.0/embed417f]
[thesis2013.tothong.com/wp-content/uploads/2013/02/1.jpg]
[thesis2013.tothong.com/wp-content/uploads/2013/02/1-768x1024.jpg]
[thesis2013.tothong.com/wp-content/uploads/2013/02/2.jpg]
[thesis2013.tothong.com/wp-content/uploads/2013/02/2-1024x768.jpg]
[thesis2013.tothong.com/wp-content/uploads/2013/02/SCN_0007.jpg]
[thesis2013.tothong.com/wp-content/uploads/2013/02/SCN_0007-1024x426.jpg]
[thesis2013.tothong.com/wp-content/uploads/2013/02/tiletype-1024x320.jpg]
[thesis2013.tothong.com/wp-content/uploads/2013/02/3.jpg]
[thesis2013.tothong.com/wp-content/uploads/2013/02/3-1024x768.jpg]
[thesis2013.tothong.com/wp-content/uploads/2013/02/4.jpg]
[thesis2013.tothong.com/wp-content/uploads/2013/02/4-1024x768.jpg]
[thesis2013.tothong.com/wp-content/uploads/2013/02/SCN_0003.jpg]
[thesis2013.tothong.com/wp-content/uploads/2013/02/SCN_0003-1024x453.jpg]
[thesis2013.tothong.com/start-off-second-semester-paper-prototype-time/index.html]
[thesis2013.tothong.com/category/inspiration/index.html]
[thesis2013.tothong.com/category/inspiration/feed/index.html]
[thesis2013.tothong.com/wp-json/oembed/1.0/embeda5b2.json]
[thesis2013.tothong.com/wp-json/oembed/1.0/embeda24c]
[thesis2013.tothong.com/playtech-fall-2012/index.html]
[thesis2013.tothong.com/wp-json/oembed/1.0/embed2ec3.json]
[thesis2013.tothong.com/wp-json/oembed/1.0/embedbadb]
[thesis2013.tothong.com/inspirationss/index.html]
[thesis2013.tothong.com/wp-json/oembed/1.0/embed147a.json]
[thesis2013.tothong.com/wp-json/oembed/1.0/embede67d]
[thesis2013.tothong.com/presentation-practice-and-new-resources/index.html]
[thesis2013.tothong.com/wp-json/oembed/1.0/embed6b74.json]
[thesis2013.tothong.com/wp-json/oembed/1.0/embed3012]
[thesis2013.tothong.com/wp-content/uploads/2012/11/guy.jpg]
[thesis2013.tothong.com/wp-content/uploads/2012/11/guy-105x300.jpg]
[thesis2013.tothong.com/wp-content/uploads/2012/11/girl.jpg]
[thesis2013.tothong.com/wp-content/uploads/2012/11/girl-164x300.jpg]
[thesis2013.tothong.com/wp-content/uploads/2012/11/guest.jpg]
[thesis2013.tothong.com/wp-content/uploads/2012/11/SCN_0005.jpg]
[thesis2013.tothong.com/wp-content/uploads/2012/11/SCN_0005-791x1024.jpg]
[thesis2013.tothong.com/wp-content/uploads/2012/11/world.jpg]
[thesis2013.tothong.com/wp-content/uploads/2012/11/SCN_00071.jpg]
[thesis2013.tothong.com/wp-content/uploads/2012/11/SCN_00071-791x1024.jpg]
[thesis2013.tothong.com/wp-content/uploads/2012/11/SCN_0001-791x1024.jpg]
[thesis2013.tothong.com/wp-content/uploads/2012/11/SCN_00061.jpg]
[thesis2013.tothong.com/wp-content/uploads/2012/11/SCN_00061-791x1024.jpg]
[thesis2013.tothong.com/wp-content/uploads/2012/11/SCN_00091.jpg]
[thesis2013.tothong.com/wp-content/uploads/2012/11/SCN_00091-791x1024.jpg]
[thesis2013.tothong.com/wp-content/uploads/2012/11/SCN_00081.jpg]
[thesis2013.tothong.com/wp-content/uploads/2012/11/SCN_00081-791x1024.jpg]
[thesis2013.tothong.com/back-to-the-core/index.html]
[thesis2013.tothong.com/wp-json/oembed/1.0/embed1840]
[thesis2013.tothong.com/wp-content/uploads/2012/11/sketch.jpg]
[thesis2013.tothong.com/wp-content/uploads/2012/11/2012-11-28-21.54.25.jpg]
[thesis2013.tothong.com/wp-content/uploads/2012/11/2012-11-28-21.54.25-768x1024.jpg]
[img.youtube.com/vi/1GiLxkDK8sI/0.jpg]
[thesis2013.tothong.com/journal-november-28-iterate-iterate-iterate/index.html]
[thesis2013.tothong.com/wp-json/oembed/1.0/embed9960.json]
[thesis2013.tothong.com/wp-json/oembed/1.0/embedf6ec]
[thesis2013.tothong.com/wp-content/uploads/2012/11/cSCN_0006.jpg]
[thesis2013.tothong.com/wp-content/uploads/2012/11/cSCN_0006-778x1024.jpg]
[thesis2013.tothong.com/wp-content/uploads/2012/11/cSCN_0007.jpg]
[thesis2013.tothong.com/wp-content/uploads/2012/11/cSCN_0007-778x1024.jpg]
[thesis2013.tothong.com/wp-content/uploads/2012/11/cSCN_0008.jpg]
[thesis2013.tothong.com/wp-content/uploads/2012/11/cSCN_0008-778x1024.jpg]
[thesis2013.tothong.com/wp-content/uploads/2012/11/cSCN_0009.jpg]
[thesis2013.tothong.com/wp-content/uploads/2012/11/cSCN_0009-778x1024.jpg]
[thesis2013.tothong.com/storybrainstorm/index.html]
[thesis2013.tothong.com/wp-json/oembed/1.0/embed5e28.json]
[thesis2013.tothong.com/wp-json/oembed/1.0/embedec8b]
[thesis2013.tothong.com/wp-content/uploads/2012/11/2012-11-13-17.23.11-3.jpg]
[thesis2013.tothong.com/wp-content/uploads/2012/11/2012-11-13-17.23.11-3-345x1024.jpg]
[thesis2013.tothong.com/wp-content/uploads/2012/11/2012-11-13-17.23.11-2.jpg]
[thesis2013.tothong.com/wp-content/uploads/2012/11/2012-11-13-17.23.11-2-460x1024.jpg]
[thesis2013.tothong.com/wp-content/uploads/2012/11/drawheartbeat.jpg]
[thesis2013.tothong.com/wp-content/uploads/2012/11/drawheartbeat-150x150.jpg]
[thesis2013.tothong.com/wp-content/uploads/2012/11/drawface.jpg]
[thesis2013.tothong.com/wp-content/uploads/2012/11/drawface-150x150.jpg]
[thesis2013.tothong.com/wp-content/uploads/2012/11/openeyes.jpg]
[thesis2013.tothong.com/wp-content/uploads/2012/11/openeyes-150x150.jpg]
[thesis2013.tothong.com/wp-content/uploads/2012/11/babyroom2.jpg]
[thesis2013.tothong.com/wp-content/uploads/2012/11/babyroom2-150x150.jpg]
[thesis2013.tothong.com/wp-content/uploads/2012/11/childplay.jpg]
[thesis2013.tothong.com/wp-content/uploads/2012/11/childplay-150x150.jpg]
[thesis2013.tothong.com/wp-content/uploads/2012/11/exchangeplane.jpg]
[thesis2013.tothong.com/wp-content/uploads/2012/11/exchangeplane-150x150.jpg]
[thesis2013.tothong.com/wp-content/uploads/2012/11/drawinplane.jpg]
[thesis2013.tothong.com/wp-content/uploads/2012/11/drawinplane-150x150.jpg]
[thesis2013.tothong.com/wp-content/uploads/2012/11/paperplane.jpg]
[thesis2013.tothong.com/wp-content/uploads/2012/11/paperplane-150x150.jpg]
[thesis2013.tothong.com/wp-content/uploads/2012/11/adultdrawface.jpg]
[thesis2013.tothong.com/wp-content/uploads/2012/11/adultdrawface-150x150.jpg]
[thesis2013.tothong.com/wp-content/uploads/2012/11/apartment.jpg]
[thesis2013.tothong.com/wp-content/uploads/2012/11/apartment-150x150.jpg]
[thesis2013.tothong.com/wp-content/uploads/2012/11/window.jpg]
[thesis2013.tothong.com/wp-content/uploads/2012/11/window-150x150.jpg]
[thesis2013.tothong.com/wp-content/uploads/2012/11/elevator.jpg]
[thesis2013.tothong.com/wp-content/uploads/2012/11/elevator-150x150.jpg]
[thesis2013.tothong.com/wp-content/uploads/2012/11/blurface.jpg]
[thesis2013.tothong.com/wp-content/uploads/2012/11/blurface-150x150.jpg]
[thesis2013.tothong.com/wp-content/uploads/2012/11/bossfight.jpg]
[thesis2013.tothong.com/wp-content/uploads/2012/11/bossfight-150x150.jpg]
[thesis2013.tothong.com/wp-content/uploads/2012/11/catchbus.jpg]
[thesis2013.tothong.com/wp-content/uploads/2012/11/catchbus-150x150.jpg]
[thesis2013.tothong.com/wp-content/uploads/2012/11/catchbus2.jpg]
[thesis2013.tothong.com/wp-content/uploads/2012/11/catchbus2-150x150.jpg]
[thesis2013.tothong.com/wp-content/uploads/2012/11/drownhelpshout.jpg]
[thesis2013.tothong.com/wp-content/uploads/2012/11/drownhelpshout-150x150.jpg]
[thesis2013.tothong.com/wp-content/uploads/2012/11/riot.jpg]
[thesis2013.tothong.com/wp-content/uploads/2012/11/riot-150x150.jpg]
[thesis2013.tothong.com/wp-content/uploads/2012/11/fireworks.jpg]
[thesis2013.tothong.com/wp-content/uploads/2012/11/fireworks-150x150.jpg]
[thesis2013.tothong.com/wp-content/uploads/2012/11/endcredit.jpg]
[thesis2013.tothong.com/wp-content/uploads/2012/11/endcredit-150x150.jpg]
[thesis2013.tothong.com/wp-content/uploads/2012/11/datavis.jpg]
[thesis2013.tothong.com/wp-content/uploads/2012/11/datavis-150x150.jpg]
[thesis2013.tothong.com/wp-content/uploads/2012/11/paulsketch.jpg]
[thesis2013.tothong.com/wp-content/uploads/2012/11/paulsketch-975x1024.jpg]
[thesis2013.tothong.com/storyboard-draft-1/index.html]
[thesis2013.tothong.com/wp-content/uploads/2012/12/Screen-Shot-2012-12-04-at-11.30.57-PM-768x1024.png]
[thesis2013.tothong.com/wp-json/oembed/1.0/embed3fac]
[thesis2013.tothong.com/wp-content/uploads/2013/02/1.jpg]
[thesis2013.tothong.com/wp-content/uploads/2013/02/2.jpg]
[thesis2013.tothong.com/wp-content/uploads/2013/02/SCN_0007.jpg]
[thesis2013.tothong.com/wp-content/uploads/2013/02/tiletype.jpg]
[thesis2013.tothong.com/wp-content/uploads/2013/02/3.jpg]
[thesis2013.tothong.com/wp-content/uploads/2013/02/SCN_0003.jpg]
[thesis2013.tothong.com/wp-content/uploads/2012/11/guest-180x300.jpg]
[thesis2013.tothong.com/wp-content/uploads/2012/11/SCN_0001.jpg]
[thesis2013.tothong.com/wp-json/oembed/1.0/embed83f8]
[thesis2013.tothong.com/wp-content/uploads/2012/11/2012-11-28-21.54.25.jpg]
[thesis2013.tothong.com/wp-content/uploads/2012/11/cSCN_0007.jpg]
[thesis2013.tothong.com/wp-content/uploads/2012/11/cSCN_0008.jpg]
[thesis2013.tothong.com/wp-content/uploads/2012/11/cSCN_0009.jpg]
[thesis2013.tothong.com/wp-content/uploads/2012/11/drownhelpshout.jpg]
[thesis2013.tothong.com/wp-content/uploads/2013/02/2.jpg]
[thesis2013.tothong.com/wp-content/uploads/2012/11/2012-11-28-21.54.25.jpg]
[thesis2013.tothong.com/wp-content/uploads/2012/11/cSCN_0009.jpg]
[thesis2013.tothong.com/wp-content/uploads/2012/11/cSCN_0008.jpg]
